Generating image variants require the image_processing gem. Please add `gem "image_processing", "~> 1.2"` to your Gemfile or set `config.active_storage.variant_processor = :disabled`.
Generating image variants require the image_processing gem. Please add `gem "image_processing", "~> 1.2"` to your Gemfile or set `config.active_storage.variant_processor = :disabled`.
Generating image variants require the image_processing gem. Please add `gem "image_processing", "~> 1.2"` to your Gemfile or set `config.active_storage.variant_processor = :disabled`.
  [1m[35m (112.0ms)[0m  [1m[35mCREATE DATABASE "app_development" ENCODING = 'unicode' /*application='App'*/[0m
Generating image variants require the image_processing gem. Please add `gem "image_processing", "~> 1.2"` to your Gemfile or set `config.active_storage.variant_processor = :disabled`.
  [1m[35m (108.0ms)[0m  [1m[35mCREATE DATABASE "clients_db" ENCODING = 'unicode' /*application='App'*/[0m
Generating image variants require the image_processing gem. Please add `gem "image_processing", "~> 1.2"` to your Gemfile or set `config.active_storage.variant_processor = :disabled`.
Started GET "/" for 172.18.0.1 at 2026-05-05 05:06:34 +0000
  
ActiveRecord::ConnectionNotEstablished (connection to server at "::1", port 5432 failed: Connection refused
	Is the server running on that host and accepting TCP/IP connections?
connection to server at "127.0.0.1", port 5432 failed: Connection refused
	Is the server running on that host and accepting TCP/IP connections?
)
Caused by: PG::ConnectionBad (connection to server at "::1", port 5432 failed: Connection refused
	Is the server running on that host and accepting TCP/IP connections?
connection to server at "127.0.0.1", port 5432 failed: Connection refused
	Is the server running on that host and accepting TCP/IP connections?
)

Information for: ActiveRecord::ConnectionNotEstablished (connection to server at "::1", port 5432 failed: Connection refused
	Is the server running on that host and accepting TCP/IP connections?
connection to server at "127.0.0.1", port 5432 failed: Connection refused
	Is the server running on that host and accepting TCP/IP connections?
):
  
activerecord (8.1.2) lib/active_record/connection_adapters/postgresql_adapter.rb:69:in `rescue in new_client'
activerecord (8.1.2) lib/active_record/connection_adapters/postgresql_adapter.rb:57:in `new_client'
activerecord (8.1.2) lib/active_record/connection_adapters/postgresql_adapter.rb:960:in `connect'
activerecord (8.1.2) lib/active_record/connection_adapters/postgresql_adapter.rb:972:in `reconnect'
activerecord (8.1.2) lib/active_record/connection_adapters/abstract_adapter.rb:719:in `block (2 levels) in reconnect!'
activerecord (8.1.2) lib/active_record/connection_adapters/abstract_adapter.rb:1290:in `attempt_configure_connection'
activerecord (8.1.2) lib/active_record/connection_adapters/abstract_adapter.rb:716:in `block in reconnect!'
activesupport (8.1.2) lib/active_support/concurrency/null_lock.rb:9:in `synchronize'
activerecord (8.1.2) lib/active_record/connection_adapters/abstract_adapter.rb:715:in `reconnect!'
activerecord (8.1.2) lib/active_record/connection_adapters/abstract_adapter.rb:830:in `block in verify!'
activesupport (8.1.2) lib/active_support/concurrency/null_lock.rb:9:in `synchronize'
activerecord (8.1.2) lib/active_record/connection_adapters/abstract_adapter.rb:817:in `verify!'
activerecord (8.1.2) lib/active_record/connection_adapters/abstract_adapter.rb:839:in `connect!'
activerecord (8.1.2) lib/active_record/connection_adapters/abstract_adapter.rb:1056:in `block in with_raw_connection'
activesupport (8.1.2) lib/active_support/concurrency/null_lock.rb:9:in `synchronize'
activerecord (8.1.2) lib/active_record/connection_adapters/abstract_adapter.rb:1055:in `with_raw_connection'
activerecord (8.1.2) lib/active_record/connection_adapters/postgresql/quoting.rb:128:in `quote_string'
activerecord (8.1.2) lib/active_record/connection_adapters/abstract/quoting.rb:75:in `quote'
activerecord (8.1.2) lib/active_record/connection_adapters/postgresql/quoting.rb:122:in `quote'
activerecord (8.1.2) lib/active_record/connection_adapters/postgresql/schema_statements.rb:1180:in `quoted_scope'
activerecord (8.1.2) lib/active_record/connection_adapters/postgresql/schema_statements.rb:1157:in `data_source_sql'
activerecord (8.1.2) lib/active_record/connection_adapters/abstract/schema_statements.rb:61:in `table_exists?'
activerecord (8.1.2) lib/active_record/schema_migration.rb:55:in `block in create_table'
activerecord (8.1.2) lib/active_record/connection_adapters/abstract/connection_pool.rb:463:in `with_connection'
activerecord (8.1.2) lib/active_record/schema_migration.rb:54:in `create_table'
activerecord (8.1.2) lib/active_record/migration.rb:1440:in `initialize'
activerecord (8.1.2) lib/active_record/migration.rb:1288:in `new'
activerecord (8.1.2) lib/active_record/migration.rb:1288:in `open'
activerecord (8.1.2) lib/active_record/migration.rb:763:in `block (2 levels) in pending_migrations'
activerecord (8.1.2) lib/active_record/migration/pending_migration_connection.rb:8:in `with_temporary_pool'
activerecord (8.1.2) lib/active_record/migration.rb:762:in `block in pending_migrations'
activerecord (8.1.2) lib/active_record/migration.rb:761:in `each'
activerecord (8.1.2) lib/active_record/migration.rb:761:in `pending_migrations'
activerecord (8.1.2) lib/active_record/migration.rb:740:in `check_pending_migrations'
activerecord (8.1.2) lib/active_record/migration.rb:660:in `block (2 levels) in call'
activesupport (8.1.2) lib/active_support/file_update_checker.rb:88:in `execute'
activerecord (8.1.2) lib/active_record/migration.rb:665:in `block in call'
activerecord (8.1.2) lib/active_record/migration.rb:657:in `synchronize'
activerecord (8.1.2) lib/active_record/migration.rb:657:in `call'
actionpack (8.1.2) lib/action_dispatch/middleware/callbacks.rb:31:in `block in call'
activesupport (8.1.2) lib/active_support/callbacks.rb:101:in `run_callbacks'
actionpack (8.1.2) lib/action_dispatch/middleware/callbacks.rb:30:in `call'
actionpack (8.1.2) lib/action_dispatch/middleware/executor.rb:20:in `call'
actionpack (8.1.2) lib/action_dispatch/middleware/actionable_exceptions.rb:18:in `call'
actionpack (8.1.2) lib/action_dispatch/middleware/debug_exceptions.rb:31:in `call'
actionpack (8.1.2) lib/action_dispatch/middleware/show_exceptions.rb:32:in `call'
railties (8.1.2) lib/rails/rack/logger.rb:41:in `call_app'
railties (8.1.2) lib/rails/rack/logger.rb:29:in `call'
actionpack (8.1.2) lib/action_dispatch/middleware/remote_ip.rb:98:in `call'
actionpack (8.1.2) lib/action_dispatch/middleware/request_id.rb:34:in `call'
rack (3.2.6) lib/rack/runtime.rb:24:in `call'
activesupport (8.1.2) lib/active_support/cache/strategy/local_cache_middleware.rb:30:in `call'
actionpack (8.1.2) lib/action_dispatch/middleware/server_timing.rb:61:in `block in call'
actionpack (8.1.2) lib/action_dispatch/middleware/server_timing.rb:26:in `collect_events'
actionpack (8.1.2) lib/action_dispatch/middleware/server_timing.rb:60:in `call'
actionpack (8.1.2) lib/action_dispatch/middleware/executor.rb:20:in `call'
actionpack (8.1.2) lib/action_dispatch/middleware/static.rb:27:in `call'
rack (3.2.6) lib/rack/sendfile.rb:131:in `call'
actionpack (8.1.2) lib/action_dispatch/middleware/host_authorization.rb:143:in `call'
railties (8.1.2) lib/rails/engine.rb:534:in `call'
puma (7.2.0) lib/puma/configuration.rb:296:in `call'
puma (7.2.0) lib/puma/request.rb:103:in `block in handle_request'
puma (7.2.0) lib/puma/thread_pool.rb:355:in `with_force_shutdown'
puma (7.2.0) lib/puma/request.rb:102:in `handle_request'
puma (7.2.0) lib/puma/server.rb:503:in `process_client'
puma (7.2.0) lib/puma/server.rb:262:in `block in run'
puma (7.2.0) lib/puma/thread_pool.rb:182:in `block in spawn_thread'

Information for cause: PG::ConnectionBad (connection to server at "::1", port 5432 failed: Connection refused
	Is the server running on that host and accepting TCP/IP connections?
connection to server at "127.0.0.1", port 5432 failed: Connection refused
	Is the server running on that host and accepting TCP/IP connections?
):
  
pg-1.6.3-x86_64 (linux) lib/pg/connection.rb:751:in `polling_loop'
pg-1.6.3-x86_64 (linux) lib/pg/connection.rb:795:in `async_connect_or_reset'
pg-1.6.3-x86_64 (linux) lib/pg/connection.rb:951:in `connect_to_hosts'
pg-1.6.3-x86_64 (linux) lib/pg/connection.rb:871:in `new'
pg-1.6.3-x86_64 (linux) lib/pg.rb:88:in `connect'
activerecord (8.1.2) lib/active_record/connection_adapters/postgresql_adapter.rb:58:in `new_client'
activerecord (8.1.2) lib/active_record/connection_adapters/postgresql_adapter.rb:960:in `connect'
activerecord (8.1.2) lib/active_record/connection_adapters/postgresql_adapter.rb:972:in `reconnect'
activerecord (8.1.2) lib/active_record/connection_adapters/abstract_adapter.rb:719:in `block (2 levels) in reconnect!'
activerecord (8.1.2) lib/active_record/connection_adapters/abstract_adapter.rb:1290:in `attempt_configure_connection'
activerecord (8.1.2) lib/active_record/connection_adapters/abstract_adapter.rb:716:in `block in reconnect!'
activesupport (8.1.2) lib/active_support/concurrency/null_lock.rb:9:in `synchronize'
activerecord (8.1.2) lib/active_record/connection_adapters/abstract_adapter.rb:715:in `reconnect!'
activerecord (8.1.2) lib/active_record/connection_adapters/abstract_adapter.rb:830:in `block in verify!'
activesupport (8.1.2) lib/active_support/concurrency/null_lock.rb:9:in `synchronize'
activerecord (8.1.2) lib/active_record/connection_adapters/abstract_adapter.rb:817:in `verify!'
activerecord (8.1.2) lib/active_record/connection_adapters/abstract_adapter.rb:839:in `connect!'
activerecord (8.1.2) lib/active_record/connection_adapters/abstract_adapter.rb:1056:in `block in with_raw_connection'
activesupport (8.1.2) lib/active_support/concurrency/null_lock.rb:9:in `synchronize'
activerecord (8.1.2) lib/active_record/connection_adapters/abstract_adapter.rb:1055:in `with_raw_connection'
activerecord (8.1.2) lib/active_record/connection_adapters/postgresql/quoting.rb:128:in `quote_string'
activerecord (8.1.2) lib/active_record/connection_adapters/abstract/quoting.rb:75:in `quote'
activerecord (8.1.2) lib/active_record/connection_adapters/postgresql/quoting.rb:122:in `quote'
activerecord (8.1.2) lib/active_record/connection_adapters/postgresql/schema_statements.rb:1180:in `quoted_scope'
activerecord (8.1.2) lib/active_record/connection_adapters/postgresql/schema_statements.rb:1157:in `data_source_sql'
activerecord (8.1.2) lib/active_record/connection_adapters/abstract/schema_statements.rb:61:in `table_exists?'
activerecord (8.1.2) lib/active_record/schema_migration.rb:55:in `block in create_table'
activerecord (8.1.2) lib/active_record/connection_adapters/abstract/connection_pool.rb:463:in `with_connection'
activerecord (8.1.2) lib/active_record/schema_migration.rb:54:in `create_table'
activerecord (8.1.2) lib/active_record/migration.rb:1440:in `initialize'
activerecord (8.1.2) lib/active_record/migration.rb:1288:in `new'
activerecord (8.1.2) lib/active_record/migration.rb:1288:in `open'
activerecord (8.1.2) lib/active_record/migration.rb:763:in `block (2 levels) in pending_migrations'
activerecord (8.1.2) lib/active_record/migration/pending_migration_connection.rb:8:in `with_temporary_pool'
activerecord (8.1.2) lib/active_record/migration.rb:762:in `block in pending_migrations'
activerecord (8.1.2) lib/active_record/migration.rb:761:in `each'
activerecord (8.1.2) lib/active_record/migration.rb:761:in `pending_migrations'
activerecord (8.1.2) lib/active_record/migration.rb:740:in `check_pending_migrations'
activerecord (8.1.2) lib/active_record/migration.rb:660:in `block (2 levels) in call'
activesupport (8.1.2) lib/active_support/file_update_checker.rb:88:in `execute'
activerecord (8.1.2) lib/active_record/migration.rb:665:in `block in call'
activerecord (8.1.2) lib/active_record/migration.rb:657:in `synchronize'
activerecord (8.1.2) lib/active_record/migration.rb:657:in `call'
actionpack (8.1.2) lib/action_dispatch/middleware/callbacks.rb:31:in `block in call'
activesupport (8.1.2) lib/active_support/callbacks.rb:101:in `run_callbacks'
actionpack (8.1.2) lib/action_dispatch/middleware/callbacks.rb:30:in `call'
actionpack (8.1.2) lib/action_dispatch/middleware/executor.rb:20:in `call'
actionpack (8.1.2) lib/action_dispatch/middleware/actionable_exceptions.rb:18:in `call'
actionpack (8.1.2) lib/action_dispatch/middleware/debug_exceptions.rb:31:in `call'
actionpack (8.1.2) lib/action_dispatch/middleware/show_exceptions.rb:32:in `call'
railties (8.1.2) lib/rails/rack/logger.rb:41:in `call_app'
railties (8.1.2) lib/rails/rack/logger.rb:29:in `call'
actionpack (8.1.2) lib/action_dispatch/middleware/remote_ip.rb:98:in `call'
actionpack (8.1.2) lib/action_dispatch/middleware/request_id.rb:34:in `call'
rack (3.2.6) lib/rack/runtime.rb:24:in `call'
activesupport (8.1.2) lib/active_support/cache/strategy/local_cache_middleware.rb:30:in `call'
actionpack (8.1.2) lib/action_dispatch/middleware/server_timing.rb:61:in `block in call'
actionpack (8.1.2) lib/action_dispatch/middleware/server_timing.rb:26:in `collect_events'
actionpack (8.1.2) lib/action_dispatch/middleware/server_timing.rb:60:in `call'
actionpack (8.1.2) lib/action_dispatch/middleware/executor.rb:20:in `call'
actionpack (8.1.2) lib/action_dispatch/middleware/static.rb:27:in `call'
rack (3.2.6) lib/rack/sendfile.rb:131:in `call'
actionpack (8.1.2) lib/action_dispatch/middleware/host_authorization.rb:143:in `call'
railties (8.1.2) lib/rails/engine.rb:534:in `call'
puma (7.2.0) lib/puma/configuration.rb:296:in `call'
puma (7.2.0) lib/puma/request.rb:103:in `block in handle_request'
puma (7.2.0) lib/puma/thread_pool.rb:355:in `with_force_shutdown'
puma (7.2.0) lib/puma/request.rb:102:in `handle_request'
puma (7.2.0) lib/puma/server.rb:503:in `process_client'
puma (7.2.0) lib/puma/server.rb:262:in `block in run'
puma (7.2.0) lib/puma/thread_pool.rb:182:in `block in spawn_thread'
Started GET "/favicon.ico" for 172.18.0.1 at 2026-05-05 05:06:35 +0000
  
ActiveRecord::ConnectionNotEstablished (connection to server at "::1", port 5432 failed: Connection refused
	Is the server running on that host and accepting TCP/IP connections?
connection to server at "127.0.0.1", port 5432 failed: Connection refused
	Is the server running on that host and accepting TCP/IP connections?
)
Caused by: PG::ConnectionBad (connection to server at "::1", port 5432 failed: Connection refused
	Is the server running on that host and accepting TCP/IP connections?
connection to server at "127.0.0.1", port 5432 failed: Connection refused
	Is the server running on that host and accepting TCP/IP connections?
)

Information for: ActiveRecord::ConnectionNotEstablished (connection to server at "::1", port 5432 failed: Connection refused
	Is the server running on that host and accepting TCP/IP connections?
connection to server at "127.0.0.1", port 5432 failed: Connection refused
	Is the server running on that host and accepting TCP/IP connections?
):
  
activerecord (8.1.2) lib/active_record/connection_adapters/postgresql_adapter.rb:69:in `rescue in new_client'
activerecord (8.1.2) lib/active_record/connection_adapters/postgresql_adapter.rb:57:in `new_client'
activerecord (8.1.2) lib/active_record/connection_adapters/postgresql_adapter.rb:960:in `connect'
activerecord (8.1.2) lib/active_record/connection_adapters/postgresql_adapter.rb:972:in `reconnect'
activerecord (8.1.2) lib/active_record/connection_adapters/abstract_adapter.rb:719:in `block (2 levels) in reconnect!'
activerecord (8.1.2) lib/active_record/connection_adapters/abstract_adapter.rb:1290:in `attempt_configure_connection'
activerecord (8.1.2) lib/active_record/connection_adapters/abstract_adapter.rb:716:in `block in reconnect!'
activesupport (8.1.2) lib/active_support/concurrency/null_lock.rb:9:in `synchronize'
activerecord (8.1.2) lib/active_record/connection_adapters/abstract_adapter.rb:715:in `reconnect!'
activerecord (8.1.2) lib/active_record/connection_adapters/abstract_adapter.rb:830:in `block in verify!'
activesupport (8.1.2) lib/active_support/concurrency/null_lock.rb:9:in `synchronize'
activerecord (8.1.2) lib/active_record/connection_adapters/abstract_adapter.rb:817:in `verify!'
activerecord (8.1.2) lib/active_record/connection_adapters/abstract_adapter.rb:839:in `connect!'
activerecord (8.1.2) lib/active_record/connection_adapters/abstract_adapter.rb:1056:in `block in with_raw_connection'
activesupport (8.1.2) lib/active_support/concurrency/null_lock.rb:9:in `synchronize'
activerecord (8.1.2) lib/active_record/connection_adapters/abstract_adapter.rb:1055:in `with_raw_connection'
activerecord (8.1.2) lib/active_record/connection_adapters/postgresql/quoting.rb:128:in `quote_string'
activerecord (8.1.2) lib/active_record/connection_adapters/abstract/quoting.rb:75:in `quote'
activerecord (8.1.2) lib/active_record/connection_adapters/postgresql/quoting.rb:122:in `quote'
activerecord (8.1.2) lib/active_record/connection_adapters/postgresql/schema_statements.rb:1180:in `quoted_scope'
activerecord (8.1.2) lib/active_record/connection_adapters/postgresql/schema_statements.rb:1157:in `data_source_sql'
activerecord (8.1.2) lib/active_record/connection_adapters/abstract/schema_statements.rb:61:in `table_exists?'
activerecord (8.1.2) lib/active_record/schema_migration.rb:55:in `block in create_table'
activerecord (8.1.2) lib/active_record/connection_adapters/abstract/connection_pool.rb:463:in `with_connection'
activerecord (8.1.2) lib/active_record/schema_migration.rb:54:in `create_table'
activerecord (8.1.2) lib/active_record/migration.rb:1440:in `initialize'
activerecord (8.1.2) lib/active_record/migration.rb:1288:in `new'
activerecord (8.1.2) lib/active_record/migration.rb:1288:in `open'
activerecord (8.1.2) lib/active_record/migration.rb:763:in `block (2 levels) in pending_migrations'
activerecord (8.1.2) lib/active_record/migration/pending_migration_connection.rb:8:in `with_temporary_pool'
activerecord (8.1.2) lib/active_record/migration.rb:762:in `block in pending_migrations'
activerecord (8.1.2) lib/active_record/migration.rb:761:in `each'
activerecord (8.1.2) lib/active_record/migration.rb:761:in `pending_migrations'
activerecord (8.1.2) lib/active_record/migration.rb:740:in `check_pending_migrations'
activerecord (8.1.2) lib/active_record/migration.rb:660:in `block (2 levels) in call'
activesupport (8.1.2) lib/active_support/file_update_checker.rb:88:in `execute'
activerecord (8.1.2) lib/active_record/migration.rb:665:in `block in call'
activerecord (8.1.2) lib/active_record/migration.rb:657:in `synchronize'
activerecord (8.1.2) lib/active_record/migration.rb:657:in `call'
actionpack (8.1.2) lib/action_dispatch/middleware/callbacks.rb:31:in `block in call'
activesupport (8.1.2) lib/active_support/callbacks.rb:101:in `run_callbacks'
actionpack (8.1.2) lib/action_dispatch/middleware/callbacks.rb:30:in `call'
actionpack (8.1.2) lib/action_dispatch/middleware/executor.rb:20:in `call'
actionpack (8.1.2) lib/action_dispatch/middleware/actionable_exceptions.rb:18:in `call'
actionpack (8.1.2) lib/action_dispatch/middleware/debug_exceptions.rb:31:in `call'
actionpack (8.1.2) lib/action_dispatch/middleware/show_exceptions.rb:32:in `call'
railties (8.1.2) lib/rails/rack/logger.rb:41:in `call_app'
railties (8.1.2) lib/rails/rack/logger.rb:29:in `call'
actionpack (8.1.2) lib/action_dispatch/middleware/remote_ip.rb:98:in `call'
actionpack (8.1.2) lib/action_dispatch/middleware/request_id.rb:34:in `call'
rack (3.2.6) lib/rack/runtime.rb:24:in `call'
activesupport (8.1.2) lib/active_support/cache/strategy/local_cache_middleware.rb:30:in `call'
actionpack (8.1.2) lib/action_dispatch/middleware/server_timing.rb:61:in `block in call'
actionpack (8.1.2) lib/action_dispatch/middleware/server_timing.rb:26:in `collect_events'
actionpack (8.1.2) lib/action_dispatch/middleware/server_timing.rb:60:in `call'
actionpack (8.1.2) lib/action_dispatch/middleware/executor.rb:20:in `call'
actionpack (8.1.2) lib/action_dispatch/middleware/static.rb:27:in `call'
rack (3.2.6) lib/rack/sendfile.rb:131:in `call'
actionpack (8.1.2) lib/action_dispatch/middleware/host_authorization.rb:143:in `call'
railties (8.1.2) lib/rails/engine.rb:534:in `call'
puma (7.2.0) lib/puma/configuration.rb:296:in `call'
puma (7.2.0) lib/puma/request.rb:103:in `block in handle_request'
puma (7.2.0) lib/puma/thread_pool.rb:355:in `with_force_shutdown'
puma (7.2.0) lib/puma/request.rb:102:in `handle_request'
puma (7.2.0) lib/puma/server.rb:503:in `process_client'
puma (7.2.0) lib/puma/server.rb:262:in `block in run'
puma (7.2.0) lib/puma/thread_pool.rb:182:in `block in spawn_thread'

Information for cause: PG::ConnectionBad (connection to server at "::1", port 5432 failed: Connection refused
	Is the server running on that host and accepting TCP/IP connections?
connection to server at "127.0.0.1", port 5432 failed: Connection refused
	Is the server running on that host and accepting TCP/IP connections?
):
  
pg-1.6.3-x86_64 (linux) lib/pg/connection.rb:751:in `polling_loop'
pg-1.6.3-x86_64 (linux) lib/pg/connection.rb:795:in `async_connect_or_reset'
pg-1.6.3-x86_64 (linux) lib/pg/connection.rb:951:in `connect_to_hosts'
pg-1.6.3-x86_64 (linux) lib/pg/connection.rb:871:in `new'
pg-1.6.3-x86_64 (linux) lib/pg.rb:88:in `connect'
activerecord (8.1.2) lib/active_record/connection_adapters/postgresql_adapter.rb:58:in `new_client'
activerecord (8.1.2) lib/active_record/connection_adapters/postgresql_adapter.rb:960:in `connect'
activerecord (8.1.2) lib/active_record/connection_adapters/postgresql_adapter.rb:972:in `reconnect'
activerecord (8.1.2) lib/active_record/connection_adapters/abstract_adapter.rb:719:in `block (2 levels) in reconnect!'
activerecord (8.1.2) lib/active_record/connection_adapters/abstract_adapter.rb:1290:in `attempt_configure_connection'
activerecord (8.1.2) lib/active_record/connection_adapters/abstract_adapter.rb:716:in `block in reconnect!'
activesupport (8.1.2) lib/active_support/concurrency/null_lock.rb:9:in `synchronize'
activerecord (8.1.2) lib/active_record/connection_adapters/abstract_adapter.rb:715:in `reconnect!'
activerecord (8.1.2) lib/active_record/connection_adapters/abstract_adapter.rb:830:in `block in verify!'
activesupport (8.1.2) lib/active_support/concurrency/null_lock.rb:9:in `synchronize'
activerecord (8.1.2) lib/active_record/connection_adapters/abstract_adapter.rb:817:in `verify!'
activerecord (8.1.2) lib/active_record/connection_adapters/abstract_adapter.rb:839:in `connect!'
activerecord (8.1.2) lib/active_record/connection_adapters/abstract_adapter.rb:1056:in `block in with_raw_connection'
activesupport (8.1.2) lib/active_support/concurrency/null_lock.rb:9:in `synchronize'
activerecord (8.1.2) lib/active_record/connection_adapters/abstract_adapter.rb:1055:in `with_raw_connection'
activerecord (8.1.2) lib/active_record/connection_adapters/postgresql/quoting.rb:128:in `quote_string'
activerecord (8.1.2) lib/active_record/connection_adapters/abstract/quoting.rb:75:in `quote'
activerecord (8.1.2) lib/active_record/connection_adapters/postgresql/quoting.rb:122:in `quote'
activerecord (8.1.2) lib/active_record/connection_adapters/postgresql/schema_statements.rb:1180:in `quoted_scope'
activerecord (8.1.2) lib/active_record/connection_adapters/postgresql/schema_statements.rb:1157:in `data_source_sql'
activerecord (8.1.2) lib/active_record/connection_adapters/abstract/schema_statements.rb:61:in `table_exists?'
activerecord (8.1.2) lib/active_record/schema_migration.rb:55:in `block in create_table'
activerecord (8.1.2) lib/active_record/connection_adapters/abstract/connection_pool.rb:463:in `with_connection'
activerecord (8.1.2) lib/active_record/schema_migration.rb:54:in `create_table'
activerecord (8.1.2) lib/active_record/migration.rb:1440:in `initialize'
activerecord (8.1.2) lib/active_record/migration.rb:1288:in `new'
activerecord (8.1.2) lib/active_record/migration.rb:1288:in `open'
activerecord (8.1.2) lib/active_record/migration.rb:763:in `block (2 levels) in pending_migrations'
activerecord (8.1.2) lib/active_record/migration/pending_migration_connection.rb:8:in `with_temporary_pool'
activerecord (8.1.2) lib/active_record/migration.rb:762:in `block in pending_migrations'
activerecord (8.1.2) lib/active_record/migration.rb:761:in `each'
activerecord (8.1.2) lib/active_record/migration.rb:761:in `pending_migrations'
activerecord (8.1.2) lib/active_record/migration.rb:740:in `check_pending_migrations'
activerecord (8.1.2) lib/active_record/migration.rb:660:in `block (2 levels) in call'
activesupport (8.1.2) lib/active_support/file_update_checker.rb:88:in `execute'
activerecord (8.1.2) lib/active_record/migration.rb:665:in `block in call'
activerecord (8.1.2) lib/active_record/migration.rb:657:in `synchronize'
activerecord (8.1.2) lib/active_record/migration.rb:657:in `call'
actionpack (8.1.2) lib/action_dispatch/middleware/callbacks.rb:31:in `block in call'
activesupport (8.1.2) lib/active_support/callbacks.rb:101:in `run_callbacks'
actionpack (8.1.2) lib/action_dispatch/middleware/callbacks.rb:30:in `call'
actionpack (8.1.2) lib/action_dispatch/middleware/executor.rb:20:in `call'
actionpack (8.1.2) lib/action_dispatch/middleware/actionable_exceptions.rb:18:in `call'
actionpack (8.1.2) lib/action_dispatch/middleware/debug_exceptions.rb:31:in `call'
actionpack (8.1.2) lib/action_dispatch/middleware/show_exceptions.rb:32:in `call'
railties (8.1.2) lib/rails/rack/logger.rb:41:in `call_app'
railties (8.1.2) lib/rails/rack/logger.rb:29:in `call'
actionpack (8.1.2) lib/action_dispatch/middleware/remote_ip.rb:98:in `call'
actionpack (8.1.2) lib/action_dispatch/middleware/request_id.rb:34:in `call'
rack (3.2.6) lib/rack/runtime.rb:24:in `call'
activesupport (8.1.2) lib/active_support/cache/strategy/local_cache_middleware.rb:30:in `call'
actionpack (8.1.2) lib/action_dispatch/middleware/server_timing.rb:61:in `block in call'
actionpack (8.1.2) lib/action_dispatch/middleware/server_timing.rb:26:in `collect_events'
actionpack (8.1.2) lib/action_dispatch/middleware/server_timing.rb:60:in `call'
actionpack (8.1.2) lib/action_dispatch/middleware/executor.rb:20:in `call'
actionpack (8.1.2) lib/action_dispatch/middleware/static.rb:27:in `call'
rack (3.2.6) lib/rack/sendfile.rb:131:in `call'
actionpack (8.1.2) lib/action_dispatch/middleware/host_authorization.rb:143:in `call'
railties (8.1.2) lib/rails/engine.rb:534:in `call'
puma (7.2.0) lib/puma/configuration.rb:296:in `call'
puma (7.2.0) lib/puma/request.rb:103:in `block in handle_request'
puma (7.2.0) lib/puma/thread_pool.rb:355:in `with_force_shutdown'
puma (7.2.0) lib/puma/request.rb:102:in `handle_request'
puma (7.2.0) lib/puma/server.rb:503:in `process_client'
puma (7.2.0) lib/puma/server.rb:262:in `block in run'
puma (7.2.0) lib/puma/thread_pool.rb:182:in `block in spawn_thread'
Started GET "/" for 172.18.0.1 at 2026-05-05 05:06:42 +0000
  
ActiveRecord::ConnectionNotEstablished (connection to server at "::1", port 5432 failed: Connection refused
	Is the server running on that host and accepting TCP/IP connections?
connection to server at "127.0.0.1", port 5432 failed: Connection refused
	Is the server running on that host and accepting TCP/IP connections?
)
Caused by: PG::ConnectionBad (connection to server at "::1", port 5432 failed: Connection refused
	Is the server running on that host and accepting TCP/IP connections?
connection to server at "127.0.0.1", port 5432 failed: Connection refused
	Is the server running on that host and accepting TCP/IP connections?
)

Information for: ActiveRecord::ConnectionNotEstablished (connection to server at "::1", port 5432 failed: Connection refused
	Is the server running on that host and accepting TCP/IP connections?
connection to server at "127.0.0.1", port 5432 failed: Connection refused
	Is the server running on that host and accepting TCP/IP connections?
):
  
activerecord (8.1.2) lib/active_record/connection_adapters/postgresql_adapter.rb:69:in `rescue in new_client'
activerecord (8.1.2) lib/active_record/connection_adapters/postgresql_adapter.rb:57:in `new_client'
activerecord (8.1.2) lib/active_record/connection_adapters/postgresql_adapter.rb:960:in `connect'
activerecord (8.1.2) lib/active_record/connection_adapters/postgresql_adapter.rb:972:in `reconnect'
activerecord (8.1.2) lib/active_record/connection_adapters/abstract_adapter.rb:719:in `block (2 levels) in reconnect!'
activerecord (8.1.2) lib/active_record/connection_adapters/abstract_adapter.rb:1290:in `attempt_configure_connection'
activerecord (8.1.2) lib/active_record/connection_adapters/abstract_adapter.rb:716:in `block in reconnect!'
activesupport (8.1.2) lib/active_support/concurrency/null_lock.rb:9:in `synchronize'
activerecord (8.1.2) lib/active_record/connection_adapters/abstract_adapter.rb:715:in `reconnect!'
activerecord (8.1.2) lib/active_record/connection_adapters/abstract_adapter.rb:830:in `block in verify!'
activesupport (8.1.2) lib/active_support/concurrency/null_lock.rb:9:in `synchronize'
activerecord (8.1.2) lib/active_record/connection_adapters/abstract_adapter.rb:817:in `verify!'
activerecord (8.1.2) lib/active_record/connection_adapters/abstract_adapter.rb:839:in `connect!'
activerecord (8.1.2) lib/active_record/connection_adapters/abstract_adapter.rb:1056:in `block in with_raw_connection'
activesupport (8.1.2) lib/active_support/concurrency/null_lock.rb:9:in `synchronize'
activerecord (8.1.2) lib/active_record/connection_adapters/abstract_adapter.rb:1055:in `with_raw_connection'
activerecord (8.1.2) lib/active_record/connection_adapters/postgresql/quoting.rb:128:in `quote_string'
activerecord (8.1.2) lib/active_record/connection_adapters/abstract/quoting.rb:75:in `quote'
activerecord (8.1.2) lib/active_record/connection_adapters/postgresql/quoting.rb:122:in `quote'
activerecord (8.1.2) lib/active_record/connection_adapters/postgresql/schema_statements.rb:1180:in `quoted_scope'
activerecord (8.1.2) lib/active_record/connection_adapters/postgresql/schema_statements.rb:1157:in `data_source_sql'
activerecord (8.1.2) lib/active_record/connection_adapters/abstract/schema_statements.rb:61:in `table_exists?'
activerecord (8.1.2) lib/active_record/schema_migration.rb:55:in `block in create_table'
activerecord (8.1.2) lib/active_record/connection_adapters/abstract/connection_pool.rb:463:in `with_connection'
activerecord (8.1.2) lib/active_record/schema_migration.rb:54:in `create_table'
activerecord (8.1.2) lib/active_record/migration.rb:1440:in `initialize'
activerecord (8.1.2) lib/active_record/migration.rb:1288:in `new'
activerecord (8.1.2) lib/active_record/migration.rb:1288:in `open'
activerecord (8.1.2) lib/active_record/migration.rb:763:in `block (2 levels) in pending_migrations'
activerecord (8.1.2) lib/active_record/migration/pending_migration_connection.rb:8:in `with_temporary_pool'
activerecord (8.1.2) lib/active_record/migration.rb:762:in `block in pending_migrations'
activerecord (8.1.2) lib/active_record/migration.rb:761:in `each'
activerecord (8.1.2) lib/active_record/migration.rb:761:in `pending_migrations'
activerecord (8.1.2) lib/active_record/migration.rb:740:in `check_pending_migrations'
activerecord (8.1.2) lib/active_record/migration.rb:660:in `block (2 levels) in call'
activesupport (8.1.2) lib/active_support/file_update_checker.rb:88:in `execute'
activerecord (8.1.2) lib/active_record/migration.rb:665:in `block in call'
activerecord (8.1.2) lib/active_record/migration.rb:657:in `synchronize'
activerecord (8.1.2) lib/active_record/migration.rb:657:in `call'
actionpack (8.1.2) lib/action_dispatch/middleware/callbacks.rb:31:in `block in call'
activesupport (8.1.2) lib/active_support/callbacks.rb:101:in `run_callbacks'
actionpack (8.1.2) lib/action_dispatch/middleware/callbacks.rb:30:in `call'
actionpack (8.1.2) lib/action_dispatch/middleware/executor.rb:20:in `call'
actionpack (8.1.2) lib/action_dispatch/middleware/actionable_exceptions.rb:18:in `call'
actionpack (8.1.2) lib/action_dispatch/middleware/debug_exceptions.rb:31:in `call'
actionpack (8.1.2) lib/action_dispatch/middleware/show_exceptions.rb:32:in `call'
railties (8.1.2) lib/rails/rack/logger.rb:41:in `call_app'
railties (8.1.2) lib/rails/rack/logger.rb:29:in `call'
actionpack (8.1.2) lib/action_dispatch/middleware/remote_ip.rb:98:in `call'
actionpack (8.1.2) lib/action_dispatch/middleware/request_id.rb:34:in `call'
rack (3.2.6) lib/rack/runtime.rb:24:in `call'
activesupport (8.1.2) lib/active_support/cache/strategy/local_cache_middleware.rb:30:in `call'
actionpack (8.1.2) lib/action_dispatch/middleware/server_timing.rb:61:in `block in call'
actionpack (8.1.2) lib/action_dispatch/middleware/server_timing.rb:26:in `collect_events'
actionpack (8.1.2) lib/action_dispatch/middleware/server_timing.rb:60:in `call'
actionpack (8.1.2) lib/action_dispatch/middleware/executor.rb:20:in `call'
actionpack (8.1.2) lib/action_dispatch/middleware/static.rb:27:in `call'
rack (3.2.6) lib/rack/sendfile.rb:131:in `call'
actionpack (8.1.2) lib/action_dispatch/middleware/host_authorization.rb:143:in `call'
railties (8.1.2) lib/rails/engine.rb:534:in `call'
puma (7.2.0) lib/puma/configuration.rb:296:in `call'
puma (7.2.0) lib/puma/request.rb:103:in `block in handle_request'
puma (7.2.0) lib/puma/thread_pool.rb:355:in `with_force_shutdown'
puma (7.2.0) lib/puma/request.rb:102:in `handle_request'
puma (7.2.0) lib/puma/server.rb:503:in `process_client'
puma (7.2.0) lib/puma/server.rb:262:in `block in run'
puma (7.2.0) lib/puma/thread_pool.rb:182:in `block in spawn_thread'

Information for cause: PG::ConnectionBad (connection to server at "::1", port 5432 failed: Connection refused
	Is the server running on that host and accepting TCP/IP connections?
connection to server at "127.0.0.1", port 5432 failed: Connection refused
	Is the server running on that host and accepting TCP/IP connections?
):
  
pg-1.6.3-x86_64 (linux) lib/pg/connection.rb:751:in `polling_loop'
pg-1.6.3-x86_64 (linux) lib/pg/connection.rb:795:in `async_connect_or_reset'
pg-1.6.3-x86_64 (linux) lib/pg/connection.rb:951:in `connect_to_hosts'
pg-1.6.3-x86_64 (linux) lib/pg/connection.rb:871:in `new'
pg-1.6.3-x86_64 (linux) lib/pg.rb:88:in `connect'
activerecord (8.1.2) lib/active_record/connection_adapters/postgresql_adapter.rb:58:in `new_client'
activerecord (8.1.2) lib/active_record/connection_adapters/postgresql_adapter.rb:960:in `connect'
activerecord (8.1.2) lib/active_record/connection_adapters/postgresql_adapter.rb:972:in `reconnect'
activerecord (8.1.2) lib/active_record/connection_adapters/abstract_adapter.rb:719:in `block (2 levels) in reconnect!'
activerecord (8.1.2) lib/active_record/connection_adapters/abstract_adapter.rb:1290:in `attempt_configure_connection'
activerecord (8.1.2) lib/active_record/connection_adapters/abstract_adapter.rb:716:in `block in reconnect!'
activesupport (8.1.2) lib/active_support/concurrency/null_lock.rb:9:in `synchronize'
activerecord (8.1.2) lib/active_record/connection_adapters/abstract_adapter.rb:715:in `reconnect!'
activerecord (8.1.2) lib/active_record/connection_adapters/abstract_adapter.rb:830:in `block in verify!'
activesupport (8.1.2) lib/active_support/concurrency/null_lock.rb:9:in `synchronize'
activerecord (8.1.2) lib/active_record/connection_adapters/abstract_adapter.rb:817:in `verify!'
activerecord (8.1.2) lib/active_record/connection_adapters/abstract_adapter.rb:839:in `connect!'
activerecord (8.1.2) lib/active_record/connection_adapters/abstract_adapter.rb:1056:in `block in with_raw_connection'
activesupport (8.1.2) lib/active_support/concurrency/null_lock.rb:9:in `synchronize'
activerecord (8.1.2) lib/active_record/connection_adapters/abstract_adapter.rb:1055:in `with_raw_connection'
activerecord (8.1.2) lib/active_record/connection_adapters/postgresql/quoting.rb:128:in `quote_string'
activerecord (8.1.2) lib/active_record/connection_adapters/abstract/quoting.rb:75:in `quote'
activerecord (8.1.2) lib/active_record/connection_adapters/postgresql/quoting.rb:122:in `quote'
activerecord (8.1.2) lib/active_record/connection_adapters/postgresql/schema_statements.rb:1180:in `quoted_scope'
activerecord (8.1.2) lib/active_record/connection_adapters/postgresql/schema_statements.rb:1157:in `data_source_sql'
activerecord (8.1.2) lib/active_record/connection_adapters/abstract/schema_statements.rb:61:in `table_exists?'
activerecord (8.1.2) lib/active_record/schema_migration.rb:55:in `block in create_table'
activerecord (8.1.2) lib/active_record/connection_adapters/abstract/connection_pool.rb:463:in `with_connection'
activerecord (8.1.2) lib/active_record/schema_migration.rb:54:in `create_table'
activerecord (8.1.2) lib/active_record/migration.rb:1440:in `initialize'
activerecord (8.1.2) lib/active_record/migration.rb:1288:in `new'
activerecord (8.1.2) lib/active_record/migration.rb:1288:in `open'
activerecord (8.1.2) lib/active_record/migration.rb:763:in `block (2 levels) in pending_migrations'
activerecord (8.1.2) lib/active_record/migration/pending_migration_connection.rb:8:in `with_temporary_pool'
activerecord (8.1.2) lib/active_record/migration.rb:762:in `block in pending_migrations'
activerecord (8.1.2) lib/active_record/migration.rb:761:in `each'
activerecord (8.1.2) lib/active_record/migration.rb:761:in `pending_migrations'
activerecord (8.1.2) lib/active_record/migration.rb:740:in `check_pending_migrations'
activerecord (8.1.2) lib/active_record/migration.rb:660:in `block (2 levels) in call'
activesupport (8.1.2) lib/active_support/file_update_checker.rb:88:in `execute'
activerecord (8.1.2) lib/active_record/migration.rb:665:in `block in call'
activerecord (8.1.2) lib/active_record/migration.rb:657:in `synchronize'
activerecord (8.1.2) lib/active_record/migration.rb:657:in `call'
actionpack (8.1.2) lib/action_dispatch/middleware/callbacks.rb:31:in `block in call'
activesupport (8.1.2) lib/active_support/callbacks.rb:101:in `run_callbacks'
actionpack (8.1.2) lib/action_dispatch/middleware/callbacks.rb:30:in `call'
actionpack (8.1.2) lib/action_dispatch/middleware/executor.rb:20:in `call'
actionpack (8.1.2) lib/action_dispatch/middleware/actionable_exceptions.rb:18:in `call'
actionpack (8.1.2) lib/action_dispatch/middleware/debug_exceptions.rb:31:in `call'
actionpack (8.1.2) lib/action_dispatch/middleware/show_exceptions.rb:32:in `call'
railties (8.1.2) lib/rails/rack/logger.rb:41:in `call_app'
railties (8.1.2) lib/rails/rack/logger.rb:29:in `call'
actionpack (8.1.2) lib/action_dispatch/middleware/remote_ip.rb:98:in `call'
actionpack (8.1.2) lib/action_dispatch/middleware/request_id.rb:34:in `call'
rack (3.2.6) lib/rack/runtime.rb:24:in `call'
activesupport (8.1.2) lib/active_support/cache/strategy/local_cache_middleware.rb:30:in `call'
actionpack (8.1.2) lib/action_dispatch/middleware/server_timing.rb:61:in `block in call'
actionpack (8.1.2) lib/action_dispatch/middleware/server_timing.rb:26:in `collect_events'
actionpack (8.1.2) lib/action_dispatch/middleware/server_timing.rb:60:in `call'
actionpack (8.1.2) lib/action_dispatch/middleware/executor.rb:20:in `call'
actionpack (8.1.2) lib/action_dispatch/middleware/static.rb:27:in `call'
rack (3.2.6) lib/rack/sendfile.rb:131:in `call'
actionpack (8.1.2) lib/action_dispatch/middleware/host_authorization.rb:143:in `call'
railties (8.1.2) lib/rails/engine.rb:534:in `call'
puma (7.2.0) lib/puma/configuration.rb:296:in `call'
puma (7.2.0) lib/puma/request.rb:103:in `block in handle_request'
puma (7.2.0) lib/puma/thread_pool.rb:355:in `with_force_shutdown'
puma (7.2.0) lib/puma/request.rb:102:in `handle_request'
puma (7.2.0) lib/puma/server.rb:503:in `process_client'
puma (7.2.0) lib/puma/server.rb:262:in `block in run'
puma (7.2.0) lib/puma/thread_pool.rb:182:in `block in spawn_thread'
Started GET "/favicon.ico" for 172.18.0.1 at 2026-05-05 05:06:42 +0000
  
ActiveRecord::ConnectionNotEstablished (connection to server at "::1", port 5432 failed: Connection refused
	Is the server running on that host and accepting TCP/IP connections?
connection to server at "127.0.0.1", port 5432 failed: Connection refused
	Is the server running on that host and accepting TCP/IP connections?
)
Caused by: PG::ConnectionBad (connection to server at "::1", port 5432 failed: Connection refused
	Is the server running on that host and accepting TCP/IP connections?
connection to server at "127.0.0.1", port 5432 failed: Connection refused
	Is the server running on that host and accepting TCP/IP connections?
)

Information for: ActiveRecord::ConnectionNotEstablished (connection to server at "::1", port 5432 failed: Connection refused
	Is the server running on that host and accepting TCP/IP connections?
connection to server at "127.0.0.1", port 5432 failed: Connection refused
	Is the server running on that host and accepting TCP/IP connections?
):
  
activerecord (8.1.2) lib/active_record/connection_adapters/postgresql_adapter.rb:69:in `rescue in new_client'
activerecord (8.1.2) lib/active_record/connection_adapters/postgresql_adapter.rb:57:in `new_client'
activerecord (8.1.2) lib/active_record/connection_adapters/postgresql_adapter.rb:960:in `connect'
activerecord (8.1.2) lib/active_record/connection_adapters/postgresql_adapter.rb:972:in `reconnect'
activerecord (8.1.2) lib/active_record/connection_adapters/abstract_adapter.rb:719:in `block (2 levels) in reconnect!'
activerecord (8.1.2) lib/active_record/connection_adapters/abstract_adapter.rb:1290:in `attempt_configure_connection'
activerecord (8.1.2) lib/active_record/connection_adapters/abstract_adapter.rb:716:in `block in reconnect!'
activesupport (8.1.2) lib/active_support/concurrency/null_lock.rb:9:in `synchronize'
activerecord (8.1.2) lib/active_record/connection_adapters/abstract_adapter.rb:715:in `reconnect!'
activerecord (8.1.2) lib/active_record/connection_adapters/abstract_adapter.rb:830:in `block in verify!'
activesupport (8.1.2) lib/active_support/concurrency/null_lock.rb:9:in `synchronize'
activerecord (8.1.2) lib/active_record/connection_adapters/abstract_adapter.rb:817:in `verify!'
activerecord (8.1.2) lib/active_record/connection_adapters/abstract_adapter.rb:839:in `connect!'
activerecord (8.1.2) lib/active_record/connection_adapters/abstract_adapter.rb:1056:in `block in with_raw_connection'
activesupport (8.1.2) lib/active_support/concurrency/null_lock.rb:9:in `synchronize'
activerecord (8.1.2) lib/active_record/connection_adapters/abstract_adapter.rb:1055:in `with_raw_connection'
activerecord (8.1.2) lib/active_record/connection_adapters/postgresql/quoting.rb:128:in `quote_string'
activerecord (8.1.2) lib/active_record/connection_adapters/abstract/quoting.rb:75:in `quote'
activerecord (8.1.2) lib/active_record/connection_adapters/postgresql/quoting.rb:122:in `quote'
activerecord (8.1.2) lib/active_record/connection_adapters/postgresql/schema_statements.rb:1180:in `quoted_scope'
activerecord (8.1.2) lib/active_record/connection_adapters/postgresql/schema_statements.rb:1157:in `data_source_sql'
activerecord (8.1.2) lib/active_record/connection_adapters/abstract/schema_statements.rb:61:in `table_exists?'
activerecord (8.1.2) lib/active_record/schema_migration.rb:55:in `block in create_table'
activerecord (8.1.2) lib/active_record/connection_adapters/abstract/connection_pool.rb:463:in `with_connection'
activerecord (8.1.2) lib/active_record/schema_migration.rb:54:in `create_table'
activerecord (8.1.2) lib/active_record/migration.rb:1440:in `initialize'
activerecord (8.1.2) lib/active_record/migration.rb:1288:in `new'
activerecord (8.1.2) lib/active_record/migration.rb:1288:in `open'
activerecord (8.1.2) lib/active_record/migration.rb:763:in `block (2 levels) in pending_migrations'
activerecord (8.1.2) lib/active_record/migration/pending_migration_connection.rb:8:in `with_temporary_pool'
activerecord (8.1.2) lib/active_record/migration.rb:762:in `block in pending_migrations'
activerecord (8.1.2) lib/active_record/migration.rb:761:in `each'
activerecord (8.1.2) lib/active_record/migration.rb:761:in `pending_migrations'
activerecord (8.1.2) lib/active_record/migration.rb:740:in `check_pending_migrations'
activerecord (8.1.2) lib/active_record/migration.rb:660:in `block (2 levels) in call'
activesupport (8.1.2) lib/active_support/file_update_checker.rb:88:in `execute'
activerecord (8.1.2) lib/active_record/migration.rb:665:in `block in call'
activerecord (8.1.2) lib/active_record/migration.rb:657:in `synchronize'
activerecord (8.1.2) lib/active_record/migration.rb:657:in `call'
actionpack (8.1.2) lib/action_dispatch/middleware/callbacks.rb:31:in `block in call'
activesupport (8.1.2) lib/active_support/callbacks.rb:101:in `run_callbacks'
actionpack (8.1.2) lib/action_dispatch/middleware/callbacks.rb:30:in `call'
actionpack (8.1.2) lib/action_dispatch/middleware/executor.rb:20:in `call'
actionpack (8.1.2) lib/action_dispatch/middleware/actionable_exceptions.rb:18:in `call'
actionpack (8.1.2) lib/action_dispatch/middleware/debug_exceptions.rb:31:in `call'
actionpack (8.1.2) lib/action_dispatch/middleware/show_exceptions.rb:32:in `call'
railties (8.1.2) lib/rails/rack/logger.rb:41:in `call_app'
railties (8.1.2) lib/rails/rack/logger.rb:29:in `call'
actionpack (8.1.2) lib/action_dispatch/middleware/remote_ip.rb:98:in `call'
actionpack (8.1.2) lib/action_dispatch/middleware/request_id.rb:34:in `call'
rack (3.2.6) lib/rack/runtime.rb:24:in `call'
activesupport (8.1.2) lib/active_support/cache/strategy/local_cache_middleware.rb:30:in `call'
actionpack (8.1.2) lib/action_dispatch/middleware/server_timing.rb:61:in `block in call'
actionpack (8.1.2) lib/action_dispatch/middleware/server_timing.rb:26:in `collect_events'
actionpack (8.1.2) lib/action_dispatch/middleware/server_timing.rb:60:in `call'
actionpack (8.1.2) lib/action_dispatch/middleware/executor.rb:20:in `call'
actionpack (8.1.2) lib/action_dispatch/middleware/static.rb:27:in `call'
rack (3.2.6) lib/rack/sendfile.rb:131:in `call'
actionpack (8.1.2) lib/action_dispatch/middleware/host_authorization.rb:143:in `call'
railties (8.1.2) lib/rails/engine.rb:534:in `call'
puma (7.2.0) lib/puma/configuration.rb:296:in `call'
puma (7.2.0) lib/puma/request.rb:103:in `block in handle_request'
puma (7.2.0) lib/puma/thread_pool.rb:355:in `with_force_shutdown'
puma (7.2.0) lib/puma/request.rb:102:in `handle_request'
puma (7.2.0) lib/puma/server.rb:503:in `process_client'
puma (7.2.0) lib/puma/server.rb:262:in `block in run'
puma (7.2.0) lib/puma/thread_pool.rb:182:in `block in spawn_thread'

Information for cause: PG::ConnectionBad (connection to server at "::1", port 5432 failed: Connection refused
	Is the server running on that host and accepting TCP/IP connections?
connection to server at "127.0.0.1", port 5432 failed: Connection refused
	Is the server running on that host and accepting TCP/IP connections?
):
  
pg-1.6.3-x86_64 (linux) lib/pg/connection.rb:751:in `polling_loop'
pg-1.6.3-x86_64 (linux) lib/pg/connection.rb:795:in `async_connect_or_reset'
pg-1.6.3-x86_64 (linux) lib/pg/connection.rb:951:in `connect_to_hosts'
pg-1.6.3-x86_64 (linux) lib/pg/connection.rb:871:in `new'
pg-1.6.3-x86_64 (linux) lib/pg.rb:88:in `connect'
activerecord (8.1.2) lib/active_record/connection_adapters/postgresql_adapter.rb:58:in `new_client'
activerecord (8.1.2) lib/active_record/connection_adapters/postgresql_adapter.rb:960:in `connect'
activerecord (8.1.2) lib/active_record/connection_adapters/postgresql_adapter.rb:972:in `reconnect'
activerecord (8.1.2) lib/active_record/connection_adapters/abstract_adapter.rb:719:in `block (2 levels) in reconnect!'
activerecord (8.1.2) lib/active_record/connection_adapters/abstract_adapter.rb:1290:in `attempt_configure_connection'
activerecord (8.1.2) lib/active_record/connection_adapters/abstract_adapter.rb:716:in `block in reconnect!'
activesupport (8.1.2) lib/active_support/concurrency/null_lock.rb:9:in `synchronize'
activerecord (8.1.2) lib/active_record/connection_adapters/abstract_adapter.rb:715:in `reconnect!'
activerecord (8.1.2) lib/active_record/connection_adapters/abstract_adapter.rb:830:in `block in verify!'
activesupport (8.1.2) lib/active_support/concurrency/null_lock.rb:9:in `synchronize'
activerecord (8.1.2) lib/active_record/connection_adapters/abstract_adapter.rb:817:in `verify!'
activerecord (8.1.2) lib/active_record/connection_adapters/abstract_adapter.rb:839:in `connect!'
activerecord (8.1.2) lib/active_record/connection_adapters/abstract_adapter.rb:1056:in `block in with_raw_connection'
activesupport (8.1.2) lib/active_support/concurrency/null_lock.rb:9:in `synchronize'
activerecord (8.1.2) lib/active_record/connection_adapters/abstract_adapter.rb:1055:in `with_raw_connection'
activerecord (8.1.2) lib/active_record/connection_adapters/postgresql/quoting.rb:128:in `quote_string'
activerecord (8.1.2) lib/active_record/connection_adapters/abstract/quoting.rb:75:in `quote'
activerecord (8.1.2) lib/active_record/connection_adapters/postgresql/quoting.rb:122:in `quote'
activerecord (8.1.2) lib/active_record/connection_adapters/postgresql/schema_statements.rb:1180:in `quoted_scope'
activerecord (8.1.2) lib/active_record/connection_adapters/postgresql/schema_statements.rb:1157:in `data_source_sql'
activerecord (8.1.2) lib/active_record/connection_adapters/abstract/schema_statements.rb:61:in `table_exists?'
activerecord (8.1.2) lib/active_record/schema_migration.rb:55:in `block in create_table'
activerecord (8.1.2) lib/active_record/connection_adapters/abstract/connection_pool.rb:463:in `with_connection'
activerecord (8.1.2) lib/active_record/schema_migration.rb:54:in `create_table'
activerecord (8.1.2) lib/active_record/migration.rb:1440:in `initialize'
activerecord (8.1.2) lib/active_record/migration.rb:1288:in `new'
activerecord (8.1.2) lib/active_record/migration.rb:1288:in `open'
activerecord (8.1.2) lib/active_record/migration.rb:763:in `block (2 levels) in pending_migrations'
activerecord (8.1.2) lib/active_record/migration/pending_migration_connection.rb:8:in `with_temporary_pool'
activerecord (8.1.2) lib/active_record/migration.rb:762:in `block in pending_migrations'
activerecord (8.1.2) lib/active_record/migration.rb:761:in `each'
activerecord (8.1.2) lib/active_record/migration.rb:761:in `pending_migrations'
activerecord (8.1.2) lib/active_record/migration.rb:740:in `check_pending_migrations'
activerecord (8.1.2) lib/active_record/migration.rb:660:in `block (2 levels) in call'
activesupport (8.1.2) lib/active_support/file_update_checker.rb:88:in `execute'
activerecord (8.1.2) lib/active_record/migration.rb:665:in `block in call'
activerecord (8.1.2) lib/active_record/migration.rb:657:in `synchronize'
activerecord (8.1.2) lib/active_record/migration.rb:657:in `call'
actionpack (8.1.2) lib/action_dispatch/middleware/callbacks.rb:31:in `block in call'
activesupport (8.1.2) lib/active_support/callbacks.rb:101:in `run_callbacks'
actionpack (8.1.2) lib/action_dispatch/middleware/callbacks.rb:30:in `call'
actionpack (8.1.2) lib/action_dispatch/middleware/executor.rb:20:in `call'
actionpack (8.1.2) lib/action_dispatch/middleware/actionable_exceptions.rb:18:in `call'
actionpack (8.1.2) lib/action_dispatch/middleware/debug_exceptions.rb:31:in `call'
actionpack (8.1.2) lib/action_dispatch/middleware/show_exceptions.rb:32:in `call'
railties (8.1.2) lib/rails/rack/logger.rb:41:in `call_app'
railties (8.1.2) lib/rails/rack/logger.rb:29:in `call'
actionpack (8.1.2) lib/action_dispatch/middleware/remote_ip.rb:98:in `call'
actionpack (8.1.2) lib/action_dispatch/middleware/request_id.rb:34:in `call'
rack (3.2.6) lib/rack/runtime.rb:24:in `call'
activesupport (8.1.2) lib/active_support/cache/strategy/local_cache_middleware.rb:30:in `call'
actionpack (8.1.2) lib/action_dispatch/middleware/server_timing.rb:61:in `block in call'
actionpack (8.1.2) lib/action_dispatch/middleware/server_timing.rb:26:in `collect_events'
actionpack (8.1.2) lib/action_dispatch/middleware/server_timing.rb:60:in `call'
actionpack (8.1.2) lib/action_dispatch/middleware/executor.rb:20:in `call'
actionpack (8.1.2) lib/action_dispatch/middleware/static.rb:27:in `call'
rack (3.2.6) lib/rack/sendfile.rb:131:in `call'
actionpack (8.1.2) lib/action_dispatch/middleware/host_authorization.rb:143:in `call'
railties (8.1.2) lib/rails/engine.rb:534:in `call'
puma (7.2.0) lib/puma/configuration.rb:296:in `call'
puma (7.2.0) lib/puma/request.rb:103:in `block in handle_request'
puma (7.2.0) lib/puma/thread_pool.rb:355:in `with_force_shutdown'
puma (7.2.0) lib/puma/request.rb:102:in `handle_request'
puma (7.2.0) lib/puma/server.rb:503:in `process_client'
puma (7.2.0) lib/puma/server.rb:262:in `block in run'
puma (7.2.0) lib/puma/thread_pool.rb:182:in `block in spawn_thread'
Started GET "/" for 172.18.0.1 at 2026-05-05 05:07:10 +0000
  
ActiveRecord::ConnectionNotEstablished (connection to server at "::1", port 5432 failed: Connection refused
	Is the server running on that host and accepting TCP/IP connections?
connection to server at "127.0.0.1", port 5432 failed: Connection refused
	Is the server running on that host and accepting TCP/IP connections?
)
Caused by: PG::ConnectionBad (connection to server at "::1", port 5432 failed: Connection refused
	Is the server running on that host and accepting TCP/IP connections?
connection to server at "127.0.0.1", port 5432 failed: Connection refused
	Is the server running on that host and accepting TCP/IP connections?
)

Information for: ActiveRecord::ConnectionNotEstablished (connection to server at "::1", port 5432 failed: Connection refused
	Is the server running on that host and accepting TCP/IP connections?
connection to server at "127.0.0.1", port 5432 failed: Connection refused
	Is the server running on that host and accepting TCP/IP connections?
):
  
activerecord (8.1.2) lib/active_record/connection_adapters/postgresql_adapter.rb:69:in `rescue in new_client'
activerecord (8.1.2) lib/active_record/connection_adapters/postgresql_adapter.rb:57:in `new_client'
activerecord (8.1.2) lib/active_record/connection_adapters/postgresql_adapter.rb:960:in `connect'
activerecord (8.1.2) lib/active_record/connection_adapters/postgresql_adapter.rb:972:in `reconnect'
activerecord (8.1.2) lib/active_record/connection_adapters/abstract_adapter.rb:719:in `block (2 levels) in reconnect!'
activerecord (8.1.2) lib/active_record/connection_adapters/abstract_adapter.rb:1290:in `attempt_configure_connection'
activerecord (8.1.2) lib/active_record/connection_adapters/abstract_adapter.rb:716:in `block in reconnect!'
activesupport (8.1.2) lib/active_support/concurrency/null_lock.rb:9:in `synchronize'
activerecord (8.1.2) lib/active_record/connection_adapters/abstract_adapter.rb:715:in `reconnect!'
activerecord (8.1.2) lib/active_record/connection_adapters/abstract_adapter.rb:830:in `block in verify!'
activesupport (8.1.2) lib/active_support/concurrency/null_lock.rb:9:in `synchronize'
activerecord (8.1.2) lib/active_record/connection_adapters/abstract_adapter.rb:817:in `verify!'
activerecord (8.1.2) lib/active_record/connection_adapters/abstract_adapter.rb:839:in `connect!'
activerecord (8.1.2) lib/active_record/connection_adapters/abstract_adapter.rb:1056:in `block in with_raw_connection'
activesupport (8.1.2) lib/active_support/concurrency/null_lock.rb:9:in `synchronize'
activerecord (8.1.2) lib/active_record/connection_adapters/abstract_adapter.rb:1055:in `with_raw_connection'
activerecord (8.1.2) lib/active_record/connection_adapters/postgresql/quoting.rb:128:in `quote_string'
activerecord (8.1.2) lib/active_record/connection_adapters/abstract/quoting.rb:75:in `quote'
activerecord (8.1.2) lib/active_record/connection_adapters/postgresql/quoting.rb:122:in `quote'
activerecord (8.1.2) lib/active_record/connection_adapters/postgresql/schema_statements.rb:1180:in `quoted_scope'
activerecord (8.1.2) lib/active_record/connection_adapters/postgresql/schema_statements.rb:1157:in `data_source_sql'
activerecord (8.1.2) lib/active_record/connection_adapters/abstract/schema_statements.rb:61:in `table_exists?'
activerecord (8.1.2) lib/active_record/schema_migration.rb:55:in `block in create_table'
activerecord (8.1.2) lib/active_record/connection_adapters/abstract/connection_pool.rb:463:in `with_connection'
activerecord (8.1.2) lib/active_record/schema_migration.rb:54:in `create_table'
activerecord (8.1.2) lib/active_record/migration.rb:1440:in `initialize'
activerecord (8.1.2) lib/active_record/migration.rb:1288:in `new'
activerecord (8.1.2) lib/active_record/migration.rb:1288:in `open'
activerecord (8.1.2) lib/active_record/migration.rb:763:in `block (2 levels) in pending_migrations'
activerecord (8.1.2) lib/active_record/migration/pending_migration_connection.rb:8:in `with_temporary_pool'
activerecord (8.1.2) lib/active_record/migration.rb:762:in `block in pending_migrations'
activerecord (8.1.2) lib/active_record/migration.rb:761:in `each'
activerecord (8.1.2) lib/active_record/migration.rb:761:in `pending_migrations'
activerecord (8.1.2) lib/active_record/migration.rb:740:in `check_pending_migrations'
activerecord (8.1.2) lib/active_record/migration.rb:660:in `block (2 levels) in call'
activesupport (8.1.2) lib/active_support/file_update_checker.rb:88:in `execute'
activerecord (8.1.2) lib/active_record/migration.rb:665:in `block in call'
activerecord (8.1.2) lib/active_record/migration.rb:657:in `synchronize'
activerecord (8.1.2) lib/active_record/migration.rb:657:in `call'
actionpack (8.1.2) lib/action_dispatch/middleware/callbacks.rb:31:in `block in call'
activesupport (8.1.2) lib/active_support/callbacks.rb:101:in `run_callbacks'
actionpack (8.1.2) lib/action_dispatch/middleware/callbacks.rb:30:in `call'
actionpack (8.1.2) lib/action_dispatch/middleware/executor.rb:20:in `call'
actionpack (8.1.2) lib/action_dispatch/middleware/actionable_exceptions.rb:18:in `call'
actionpack (8.1.2) lib/action_dispatch/middleware/debug_exceptions.rb:31:in `call'
actionpack (8.1.2) lib/action_dispatch/middleware/show_exceptions.rb:32:in `call'
railties (8.1.2) lib/rails/rack/logger.rb:41:in `call_app'
railties (8.1.2) lib/rails/rack/logger.rb:29:in `call'
actionpack (8.1.2) lib/action_dispatch/middleware/remote_ip.rb:98:in `call'
actionpack (8.1.2) lib/action_dispatch/middleware/request_id.rb:34:in `call'
rack (3.2.6) lib/rack/runtime.rb:24:in `call'
activesupport (8.1.2) lib/active_support/cache/strategy/local_cache_middleware.rb:30:in `call'
actionpack (8.1.2) lib/action_dispatch/middleware/server_timing.rb:61:in `block in call'
actionpack (8.1.2) lib/action_dispatch/middleware/server_timing.rb:26:in `collect_events'
actionpack (8.1.2) lib/action_dispatch/middleware/server_timing.rb:60:in `call'
actionpack (8.1.2) lib/action_dispatch/middleware/executor.rb:20:in `call'
actionpack (8.1.2) lib/action_dispatch/middleware/static.rb:27:in `call'
rack (3.2.6) lib/rack/sendfile.rb:131:in `call'
actionpack (8.1.2) lib/action_dispatch/middleware/host_authorization.rb:143:in `call'
railties (8.1.2) lib/rails/engine.rb:534:in `call'
puma (7.2.0) lib/puma/configuration.rb:296:in `call'
puma (7.2.0) lib/puma/request.rb:103:in `block in handle_request'
puma (7.2.0) lib/puma/thread_pool.rb:355:in `with_force_shutdown'
puma (7.2.0) lib/puma/request.rb:102:in `handle_request'
puma (7.2.0) lib/puma/server.rb:503:in `process_client'
puma (7.2.0) lib/puma/server.rb:262:in `block in run'
puma (7.2.0) lib/puma/thread_pool.rb:182:in `block in spawn_thread'

Information for cause: PG::ConnectionBad (connection to server at "::1", port 5432 failed: Connection refused
	Is the server running on that host and accepting TCP/IP connections?
connection to server at "127.0.0.1", port 5432 failed: Connection refused
	Is the server running on that host and accepting TCP/IP connections?
):
  
pg-1.6.3-x86_64 (linux) lib/pg/connection.rb:751:in `polling_loop'
pg-1.6.3-x86_64 (linux) lib/pg/connection.rb:795:in `async_connect_or_reset'
pg-1.6.3-x86_64 (linux) lib/pg/connection.rb:951:in `connect_to_hosts'
pg-1.6.3-x86_64 (linux) lib/pg/connection.rb:871:in `new'
pg-1.6.3-x86_64 (linux) lib/pg.rb:88:in `connect'
activerecord (8.1.2) lib/active_record/connection_adapters/postgresql_adapter.rb:58:in `new_client'
activerecord (8.1.2) lib/active_record/connection_adapters/postgresql_adapter.rb:960:in `connect'
activerecord (8.1.2) lib/active_record/connection_adapters/postgresql_adapter.rb:972:in `reconnect'
activerecord (8.1.2) lib/active_record/connection_adapters/abstract_adapter.rb:719:in `block (2 levels) in reconnect!'
activerecord (8.1.2) lib/active_record/connection_adapters/abstract_adapter.rb:1290:in `attempt_configure_connection'
activerecord (8.1.2) lib/active_record/connection_adapters/abstract_adapter.rb:716:in `block in reconnect!'
activesupport (8.1.2) lib/active_support/concurrency/null_lock.rb:9:in `synchronize'
activerecord (8.1.2) lib/active_record/connection_adapters/abstract_adapter.rb:715:in `reconnect!'
activerecord (8.1.2) lib/active_record/connection_adapters/abstract_adapter.rb:830:in `block in verify!'
activesupport (8.1.2) lib/active_support/concurrency/null_lock.rb:9:in `synchronize'
activerecord (8.1.2) lib/active_record/connection_adapters/abstract_adapter.rb:817:in `verify!'
activerecord (8.1.2) lib/active_record/connection_adapters/abstract_adapter.rb:839:in `connect!'
activerecord (8.1.2) lib/active_record/connection_adapters/abstract_adapter.rb:1056:in `block in with_raw_connection'
activesupport (8.1.2) lib/active_support/concurrency/null_lock.rb:9:in `synchronize'
activerecord (8.1.2) lib/active_record/connection_adapters/abstract_adapter.rb:1055:in `with_raw_connection'
activerecord (8.1.2) lib/active_record/connection_adapters/postgresql/quoting.rb:128:in `quote_string'
activerecord (8.1.2) lib/active_record/connection_adapters/abstract/quoting.rb:75:in `quote'
activerecord (8.1.2) lib/active_record/connection_adapters/postgresql/quoting.rb:122:in `quote'
activerecord (8.1.2) lib/active_record/connection_adapters/postgresql/schema_statements.rb:1180:in `quoted_scope'
activerecord (8.1.2) lib/active_record/connection_adapters/postgresql/schema_statements.rb:1157:in `data_source_sql'
activerecord (8.1.2) lib/active_record/connection_adapters/abstract/schema_statements.rb:61:in `table_exists?'
activerecord (8.1.2) lib/active_record/schema_migration.rb:55:in `block in create_table'
activerecord (8.1.2) lib/active_record/connection_adapters/abstract/connection_pool.rb:463:in `with_connection'
activerecord (8.1.2) lib/active_record/schema_migration.rb:54:in `create_table'
activerecord (8.1.2) lib/active_record/migration.rb:1440:in `initialize'
activerecord (8.1.2) lib/active_record/migration.rb:1288:in `new'
activerecord (8.1.2) lib/active_record/migration.rb:1288:in `open'
activerecord (8.1.2) lib/active_record/migration.rb:763:in `block (2 levels) in pending_migrations'
activerecord (8.1.2) lib/active_record/migration/pending_migration_connection.rb:8:in `with_temporary_pool'
activerecord (8.1.2) lib/active_record/migration.rb:762:in `block in pending_migrations'
activerecord (8.1.2) lib/active_record/migration.rb:761:in `each'
activerecord (8.1.2) lib/active_record/migration.rb:761:in `pending_migrations'
activerecord (8.1.2) lib/active_record/migration.rb:740:in `check_pending_migrations'
activerecord (8.1.2) lib/active_record/migration.rb:660:in `block (2 levels) in call'
activesupport (8.1.2) lib/active_support/file_update_checker.rb:88:in `execute'
activerecord (8.1.2) lib/active_record/migration.rb:665:in `block in call'
activerecord (8.1.2) lib/active_record/migration.rb:657:in `synchronize'
activerecord (8.1.2) lib/active_record/migration.rb:657:in `call'
actionpack (8.1.2) lib/action_dispatch/middleware/callbacks.rb:31:in `block in call'
activesupport (8.1.2) lib/active_support/callbacks.rb:101:in `run_callbacks'
actionpack (8.1.2) lib/action_dispatch/middleware/callbacks.rb:30:in `call'
actionpack (8.1.2) lib/action_dispatch/middleware/executor.rb:20:in `call'
actionpack (8.1.2) lib/action_dispatch/middleware/actionable_exceptions.rb:18:in `call'
actionpack (8.1.2) lib/action_dispatch/middleware/debug_exceptions.rb:31:in `call'
actionpack (8.1.2) lib/action_dispatch/middleware/show_exceptions.rb:32:in `call'
railties (8.1.2) lib/rails/rack/logger.rb:41:in `call_app'
railties (8.1.2) lib/rails/rack/logger.rb:29:in `call'
actionpack (8.1.2) lib/action_dispatch/middleware/remote_ip.rb:98:in `call'
actionpack (8.1.2) lib/action_dispatch/middleware/request_id.rb:34:in `call'
rack (3.2.6) lib/rack/runtime.rb:24:in `call'
activesupport (8.1.2) lib/active_support/cache/strategy/local_cache_middleware.rb:30:in `call'
actionpack (8.1.2) lib/action_dispatch/middleware/server_timing.rb:61:in `block in call'
actionpack (8.1.2) lib/action_dispatch/middleware/server_timing.rb:26:in `collect_events'
actionpack (8.1.2) lib/action_dispatch/middleware/server_timing.rb:60:in `call'
actionpack (8.1.2) lib/action_dispatch/middleware/executor.rb:20:in `call'
actionpack (8.1.2) lib/action_dispatch/middleware/static.rb:27:in `call'
rack (3.2.6) lib/rack/sendfile.rb:131:in `call'
actionpack (8.1.2) lib/action_dispatch/middleware/host_authorization.rb:143:in `call'
railties (8.1.2) lib/rails/engine.rb:534:in `call'
puma (7.2.0) lib/puma/configuration.rb:296:in `call'
puma (7.2.0) lib/puma/request.rb:103:in `block in handle_request'
puma (7.2.0) lib/puma/thread_pool.rb:355:in `with_force_shutdown'
puma (7.2.0) lib/puma/request.rb:102:in `handle_request'
puma (7.2.0) lib/puma/server.rb:503:in `process_client'
puma (7.2.0) lib/puma/server.rb:262:in `block in run'
puma (7.2.0) lib/puma/thread_pool.rb:182:in `block in spawn_thread'
Started GET "/favicon.ico" for 172.18.0.1 at 2026-05-05 05:07:11 +0000
  
ActiveRecord::ConnectionNotEstablished (connection to server at "::1", port 5432 failed: Connection refused
	Is the server running on that host and accepting TCP/IP connections?
connection to server at "127.0.0.1", port 5432 failed: Connection refused
	Is the server running on that host and accepting TCP/IP connections?
)
Caused by: PG::ConnectionBad (connection to server at "::1", port 5432 failed: Connection refused
	Is the server running on that host and accepting TCP/IP connections?
connection to server at "127.0.0.1", port 5432 failed: Connection refused
	Is the server running on that host and accepting TCP/IP connections?
)

Information for: ActiveRecord::ConnectionNotEstablished (connection to server at "::1", port 5432 failed: Connection refused
	Is the server running on that host and accepting TCP/IP connections?
connection to server at "127.0.0.1", port 5432 failed: Connection refused
	Is the server running on that host and accepting TCP/IP connections?
):
  
activerecord (8.1.2) lib/active_record/connection_adapters/postgresql_adapter.rb:69:in `rescue in new_client'
activerecord (8.1.2) lib/active_record/connection_adapters/postgresql_adapter.rb:57:in `new_client'
activerecord (8.1.2) lib/active_record/connection_adapters/postgresql_adapter.rb:960:in `connect'
activerecord (8.1.2) lib/active_record/connection_adapters/postgresql_adapter.rb:972:in `reconnect'
activerecord (8.1.2) lib/active_record/connection_adapters/abstract_adapter.rb:719:in `block (2 levels) in reconnect!'
activerecord (8.1.2) lib/active_record/connection_adapters/abstract_adapter.rb:1290:in `attempt_configure_connection'
activerecord (8.1.2) lib/active_record/connection_adapters/abstract_adapter.rb:716:in `block in reconnect!'
activesupport (8.1.2) lib/active_support/concurrency/null_lock.rb:9:in `synchronize'
activerecord (8.1.2) lib/active_record/connection_adapters/abstract_adapter.rb:715:in `reconnect!'
activerecord (8.1.2) lib/active_record/connection_adapters/abstract_adapter.rb:830:in `block in verify!'
activesupport (8.1.2) lib/active_support/concurrency/null_lock.rb:9:in `synchronize'
activerecord (8.1.2) lib/active_record/connection_adapters/abstract_adapter.rb:817:in `verify!'
activerecord (8.1.2) lib/active_record/connection_adapters/abstract_adapter.rb:839:in `connect!'
activerecord (8.1.2) lib/active_record/connection_adapters/abstract_adapter.rb:1056:in `block in with_raw_connection'
activesupport (8.1.2) lib/active_support/concurrency/null_lock.rb:9:in `synchronize'
activerecord (8.1.2) lib/active_record/connection_adapters/abstract_adapter.rb:1055:in `with_raw_connection'
activerecord (8.1.2) lib/active_record/connection_adapters/postgresql/quoting.rb:128:in `quote_string'
activerecord (8.1.2) lib/active_record/connection_adapters/abstract/quoting.rb:75:in `quote'
activerecord (8.1.2) lib/active_record/connection_adapters/postgresql/quoting.rb:122:in `quote'
activerecord (8.1.2) lib/active_record/connection_adapters/postgresql/schema_statements.rb:1180:in `quoted_scope'
activerecord (8.1.2) lib/active_record/connection_adapters/postgresql/schema_statements.rb:1157:in `data_source_sql'
activerecord (8.1.2) lib/active_record/connection_adapters/abstract/schema_statements.rb:61:in `table_exists?'
activerecord (8.1.2) lib/active_record/schema_migration.rb:55:in `block in create_table'
activerecord (8.1.2) lib/active_record/connection_adapters/abstract/connection_pool.rb:463:in `with_connection'
activerecord (8.1.2) lib/active_record/schema_migration.rb:54:in `create_table'
activerecord (8.1.2) lib/active_record/migration.rb:1440:in `initialize'
activerecord (8.1.2) lib/active_record/migration.rb:1288:in `new'
activerecord (8.1.2) lib/active_record/migration.rb:1288:in `open'
activerecord (8.1.2) lib/active_record/migration.rb:763:in `block (2 levels) in pending_migrations'
activerecord (8.1.2) lib/active_record/migration/pending_migration_connection.rb:8:in `with_temporary_pool'
activerecord (8.1.2) lib/active_record/migration.rb:762:in `block in pending_migrations'
activerecord (8.1.2) lib/active_record/migration.rb:761:in `each'
activerecord (8.1.2) lib/active_record/migration.rb:761:in `pending_migrations'
activerecord (8.1.2) lib/active_record/migration.rb:740:in `check_pending_migrations'
activerecord (8.1.2) lib/active_record/migration.rb:660:in `block (2 levels) in call'
activesupport (8.1.2) lib/active_support/file_update_checker.rb:88:in `execute'
activerecord (8.1.2) lib/active_record/migration.rb:665:in `block in call'
activerecord (8.1.2) lib/active_record/migration.rb:657:in `synchronize'
activerecord (8.1.2) lib/active_record/migration.rb:657:in `call'
actionpack (8.1.2) lib/action_dispatch/middleware/callbacks.rb:31:in `block in call'
activesupport (8.1.2) lib/active_support/callbacks.rb:101:in `run_callbacks'
actionpack (8.1.2) lib/action_dispatch/middleware/callbacks.rb:30:in `call'
actionpack (8.1.2) lib/action_dispatch/middleware/executor.rb:20:in `call'
actionpack (8.1.2) lib/action_dispatch/middleware/actionable_exceptions.rb:18:in `call'
actionpack (8.1.2) lib/action_dispatch/middleware/debug_exceptions.rb:31:in `call'
actionpack (8.1.2) lib/action_dispatch/middleware/show_exceptions.rb:32:in `call'
railties (8.1.2) lib/rails/rack/logger.rb:41:in `call_app'
railties (8.1.2) lib/rails/rack/logger.rb:29:in `call'
actionpack (8.1.2) lib/action_dispatch/middleware/remote_ip.rb:98:in `call'
actionpack (8.1.2) lib/action_dispatch/middleware/request_id.rb:34:in `call'
rack (3.2.6) lib/rack/runtime.rb:24:in `call'
activesupport (8.1.2) lib/active_support/cache/strategy/local_cache_middleware.rb:30:in `call'
actionpack (8.1.2) lib/action_dispatch/middleware/server_timing.rb:61:in `block in call'
actionpack (8.1.2) lib/action_dispatch/middleware/server_timing.rb:26:in `collect_events'
actionpack (8.1.2) lib/action_dispatch/middleware/server_timing.rb:60:in `call'
actionpack (8.1.2) lib/action_dispatch/middleware/executor.rb:20:in `call'
actionpack (8.1.2) lib/action_dispatch/middleware/static.rb:27:in `call'
rack (3.2.6) lib/rack/sendfile.rb:131:in `call'
actionpack (8.1.2) lib/action_dispatch/middleware/host_authorization.rb:143:in `call'
railties (8.1.2) lib/rails/engine.rb:534:in `call'
puma (7.2.0) lib/puma/configuration.rb:296:in `call'
puma (7.2.0) lib/puma/request.rb:103:in `block in handle_request'
puma (7.2.0) lib/puma/thread_pool.rb:355:in `with_force_shutdown'
puma (7.2.0) lib/puma/request.rb:102:in `handle_request'
puma (7.2.0) lib/puma/server.rb:503:in `process_client'
puma (7.2.0) lib/puma/server.rb:262:in `block in run'
puma (7.2.0) lib/puma/thread_pool.rb:182:in `block in spawn_thread'

Information for cause: PG::ConnectionBad (connection to server at "::1", port 5432 failed: Connection refused
	Is the server running on that host and accepting TCP/IP connections?
connection to server at "127.0.0.1", port 5432 failed: Connection refused
	Is the server running on that host and accepting TCP/IP connections?
):
  
pg-1.6.3-x86_64 (linux) lib/pg/connection.rb:751:in `polling_loop'
pg-1.6.3-x86_64 (linux) lib/pg/connection.rb:795:in `async_connect_or_reset'
pg-1.6.3-x86_64 (linux) lib/pg/connection.rb:951:in `connect_to_hosts'
pg-1.6.3-x86_64 (linux) lib/pg/connection.rb:871:in `new'
pg-1.6.3-x86_64 (linux) lib/pg.rb:88:in `connect'
activerecord (8.1.2) lib/active_record/connection_adapters/postgresql_adapter.rb:58:in `new_client'
activerecord (8.1.2) lib/active_record/connection_adapters/postgresql_adapter.rb:960:in `connect'
activerecord (8.1.2) lib/active_record/connection_adapters/postgresql_adapter.rb:972:in `reconnect'
activerecord (8.1.2) lib/active_record/connection_adapters/abstract_adapter.rb:719:in `block (2 levels) in reconnect!'
activerecord (8.1.2) lib/active_record/connection_adapters/abstract_adapter.rb:1290:in `attempt_configure_connection'
activerecord (8.1.2) lib/active_record/connection_adapters/abstract_adapter.rb:716:in `block in reconnect!'
activesupport (8.1.2) lib/active_support/concurrency/null_lock.rb:9:in `synchronize'
activerecord (8.1.2) lib/active_record/connection_adapters/abstract_adapter.rb:715:in `reconnect!'
activerecord (8.1.2) lib/active_record/connection_adapters/abstract_adapter.rb:830:in `block in verify!'
activesupport (8.1.2) lib/active_support/concurrency/null_lock.rb:9:in `synchronize'
activerecord (8.1.2) lib/active_record/connection_adapters/abstract_adapter.rb:817:in `verify!'
activerecord (8.1.2) lib/active_record/connection_adapters/abstract_adapter.rb:839:in `connect!'
activerecord (8.1.2) lib/active_record/connection_adapters/abstract_adapter.rb:1056:in `block in with_raw_connection'
activesupport (8.1.2) lib/active_support/concurrency/null_lock.rb:9:in `synchronize'
activerecord (8.1.2) lib/active_record/connection_adapters/abstract_adapter.rb:1055:in `with_raw_connection'
activerecord (8.1.2) lib/active_record/connection_adapters/postgresql/quoting.rb:128:in `quote_string'
activerecord (8.1.2) lib/active_record/connection_adapters/abstract/quoting.rb:75:in `quote'
activerecord (8.1.2) lib/active_record/connection_adapters/postgresql/quoting.rb:122:in `quote'
activerecord (8.1.2) lib/active_record/connection_adapters/postgresql/schema_statements.rb:1180:in `quoted_scope'
activerecord (8.1.2) lib/active_record/connection_adapters/postgresql/schema_statements.rb:1157:in `data_source_sql'
activerecord (8.1.2) lib/active_record/connection_adapters/abstract/schema_statements.rb:61:in `table_exists?'
activerecord (8.1.2) lib/active_record/schema_migration.rb:55:in `block in create_table'
activerecord (8.1.2) lib/active_record/connection_adapters/abstract/connection_pool.rb:463:in `with_connection'
activerecord (8.1.2) lib/active_record/schema_migration.rb:54:in `create_table'
activerecord (8.1.2) lib/active_record/migration.rb:1440:in `initialize'
activerecord (8.1.2) lib/active_record/migration.rb:1288:in `new'
activerecord (8.1.2) lib/active_record/migration.rb:1288:in `open'
activerecord (8.1.2) lib/active_record/migration.rb:763:in `block (2 levels) in pending_migrations'
activerecord (8.1.2) lib/active_record/migration/pending_migration_connection.rb:8:in `with_temporary_pool'
activerecord (8.1.2) lib/active_record/migration.rb:762:in `block in pending_migrations'
activerecord (8.1.2) lib/active_record/migration.rb:761:in `each'
activerecord (8.1.2) lib/active_record/migration.rb:761:in `pending_migrations'
activerecord (8.1.2) lib/active_record/migration.rb:740:in `check_pending_migrations'
activerecord (8.1.2) lib/active_record/migration.rb:660:in `block (2 levels) in call'
activesupport (8.1.2) lib/active_support/file_update_checker.rb:88:in `execute'
activerecord (8.1.2) lib/active_record/migration.rb:665:in `block in call'
activerecord (8.1.2) lib/active_record/migration.rb:657:in `synchronize'
activerecord (8.1.2) lib/active_record/migration.rb:657:in `call'
actionpack (8.1.2) lib/action_dispatch/middleware/callbacks.rb:31:in `block in call'
activesupport (8.1.2) lib/active_support/callbacks.rb:101:in `run_callbacks'
actionpack (8.1.2) lib/action_dispatch/middleware/callbacks.rb:30:in `call'
actionpack (8.1.2) lib/action_dispatch/middleware/executor.rb:20:in `call'
actionpack (8.1.2) lib/action_dispatch/middleware/actionable_exceptions.rb:18:in `call'
actionpack (8.1.2) lib/action_dispatch/middleware/debug_exceptions.rb:31:in `call'
actionpack (8.1.2) lib/action_dispatch/middleware/show_exceptions.rb:32:in `call'
railties (8.1.2) lib/rails/rack/logger.rb:41:in `call_app'
railties (8.1.2) lib/rails/rack/logger.rb:29:in `call'
actionpack (8.1.2) lib/action_dispatch/middleware/remote_ip.rb:98:in `call'
actionpack (8.1.2) lib/action_dispatch/middleware/request_id.rb:34:in `call'
rack (3.2.6) lib/rack/runtime.rb:24:in `call'
activesupport (8.1.2) lib/active_support/cache/strategy/local_cache_middleware.rb:30:in `call'
actionpack (8.1.2) lib/action_dispatch/middleware/server_timing.rb:61:in `block in call'
actionpack (8.1.2) lib/action_dispatch/middleware/server_timing.rb:26:in `collect_events'
actionpack (8.1.2) lib/action_dispatch/middleware/server_timing.rb:60:in `call'
actionpack (8.1.2) lib/action_dispatch/middleware/executor.rb:20:in `call'
actionpack (8.1.2) lib/action_dispatch/middleware/static.rb:27:in `call'
rack (3.2.6) lib/rack/sendfile.rb:131:in `call'
actionpack (8.1.2) lib/action_dispatch/middleware/host_authorization.rb:143:in `call'
railties (8.1.2) lib/rails/engine.rb:534:in `call'
puma (7.2.0) lib/puma/configuration.rb:296:in `call'
puma (7.2.0) lib/puma/request.rb:103:in `block in handle_request'
puma (7.2.0) lib/puma/thread_pool.rb:355:in `with_force_shutdown'
puma (7.2.0) lib/puma/request.rb:102:in `handle_request'
puma (7.2.0) lib/puma/server.rb:503:in `process_client'
puma (7.2.0) lib/puma/server.rb:262:in `block in run'
puma (7.2.0) lib/puma/thread_pool.rb:182:in `block in spawn_thread'
Generating image variants require the image_processing gem. Please add `gem "image_processing", "~> 1.2"` to your Gemfile or set `config.active_storage.variant_processor = :disabled`.
Started GET "/" for 172.18.0.1 at 2026-05-05 05:07:19 +0000
  [1m[35m (10.3ms)[0m  [1m[35mCREATE TABLE "schema_migrations" ("version" character varying NOT NULL PRIMARY KEY) /*application='App'*/[0m
  [1m[35m (4.2ms)[0m  [1m[35mCREATE TABLE "ar_internal_metadata" ("key" character varying NOT NULL PRIMARY KEY, "value" character varying, "created_at" timestamp(6) NOT NULL, "updated_at" timestamp(6) NOT NULL) /*application='App'*/[0m
  [1m[36mActiveRecord::SchemaMigration Load (0.4ms)[0m  [1m[34mSELECT "schema_migrations"."version" FROM "schema_migrations" ORDER BY "schema_migrations"."version" ASC /*application='App'*/[0m
Processing by Rails::WelcomeController#index as HTML
  Rendering /usr/local/bundle/gems/railties-8.1.2/lib/rails/templates/rails/welcome/index.html.erb
  Rendered /usr/local/bundle/gems/railties-8.1.2/lib/rails/templates/rails/welcome/index.html.erb (Duration: 0.4ms | GC: 0.0ms)
Completed 200 OK in 59ms (Views: 8.7ms | ActiveRecord: 0.0ms (0 queries, 0 cached) | GC: 0.0ms)


Started GET "/icon.png" for 172.18.0.1 at 2026-05-05 05:07:20 +0000
  
ActionController::RoutingError (No route matches [GET] "/icon.png"):
  
Generating image variants require the image_processing gem. Please add `gem "image_processing", "~> 1.2"` to your Gemfile or set `config.active_storage.variant_processor = :disabled`.
